// Jest Snapshot v1, https://jestjs.io/docs/snapshot-testing

exports[`AdminLogin Page matches snapshot 1`] = `
<div>
  <div
    class="d-flex align-items-center justify-content-center container"
    style="min-height: 100vh;"
  >
    <form
      class="p-4 rounded shadow bg-white"
      style="min-width: 340px; max-width: 400px; width: 100%;"
    >
      <h2
        class="mb-4 text-center"
      >
        Logowanie do panelu admina
      </h2>
      <div
        class="mb-3 row"
      >
        <label
          class="form-label col-form-label col-sm-4"
          for="adminEmail"
        >
          E-mail
        </label>
        <div
          class="col-sm-8"
        >
          <input
            class="form-control"
            id="adminEmail"
            placeholder="Wpisz e-mail"
            required=""
            type="email"
            value=""
          />
        </div>
      </div>
      <div
        class="mb-3 row"
      >
        <label
          class="form-label col-form-label col-sm-4"
          for="adminPassword"
        >
          Hasło
        </label>
        <div
          class="col-sm-8"
        >
          <input
            class="form-control"
            id="adminPassword"
            placeholder="Wpisz hasło"
            required=""
            type="password"
            value=""
          />
        </div>
      </div>
      <button
        class="w-100 mt-2 btn btn-primary"
        type="submit"
      >
        Zaloguj się
      </button>
      <button
        class="w-100 mt-3 btn btn-outline-danger"
        type="button"
      >
        Zaloguj przez Google
      </button>
    </form>
  </div>
</div>
`;
