// Jest Snapshot v1, https://jestjs.io/docs/snapshot-testing

exports[`AboutPage should match snapshot 1`] = `
<div>
  <div
    class="d-flex row align-items-center justify-content-center py-4 px-3 about-header hero"
  >
    <div
      class="col-lg-4 mb-3 mb-lg-0 text-center"
    >
      <img
        alt="Katarzyna Pawłowska-Malesa, właścicielka AKNETH Studio"
        class="rounded-circle shadow mb-3 mb-lg-0"
        data-nimg="1"
        decoding="async"
        height="250"
        src="/_next/image?url=%2Fimg%2Fprofile.jpg&w=640&q=75"
        srcset="/_next/image?url=%2Fimg%2Fprofile.jpg&w=256&q=75 1x, /_next/image?url=%2Fimg%2Fprofile.jpg&w=640&q=75 2x"
        style="color: transparent; object-fit: cover; object-position: center; vertical-align: middle;"
        width="250"
      />
    </div>
    <section
      class="about-hero align-content-center py-5 px-4 col-lg-8 my-auto"
    >
      <h1
        class="mb-3"
      >
        O mnie
      </h1>
      <p
        class="lead"
      >
        Nazywam się 
        <strong>
          Katarzyna Pawłowska-Malesa
        </strong>
         i prowadzę 
        <strong>
          AKNETH Studio
        </strong>
         - jednoosobową pracownię nowoczesnych rozwiązań cyfrowych. Pomagam firmom i klientom indywidualnym w budowaniu profesjonalnego wizerunku online oraz usprawnianiu codziennej pracy biurowej.
      </p>
    </section>
  </div>
  <div
    data-testid="about-services-marquee"
  >
    About Services Marquee
  </div>
  <div
    class="hr-about hero row mx-0 my-4 justify-content-center"
  >
    <section
      class="about-values py-5 px-4 col-md-6 mx-auto"
    >
      <h2
        class="h4 mb-3"
      >
        Wartości i rozwój
      </h2>
      <p>
        Stawiam na 
        <strong>
          transparentność
        </strong>
        , 
        <strong>
          dostępność
        </strong>
         i 
        <strong>
          partnerską współpracę
        </strong>
        . Rozwijam się w kierunku React, Next.js i automatyzacji, by stale poszerzać ofertę i dostarczać nowoczesne rozwiązania na miarę potrzeb rynku.
      </p>
    </section>
    <div
      class="col-md-1 d-none d-md-block"
    />
    <section
      class="about-contact py-5 px-4 col-md-5 mx-auto align-self-center text-center"
    >
      <h2
        class="h4 mb-3"
      >
        Porozmawiajmy!
      </h2>
      <p>
        Chcesz dowiedzieć się więcej lub rozpocząć współpracę?
         
      </p>
      <div
        data-testid="cta-button"
      >
        CTA Button
      </div>
    </section>
  </div>
</div>
`;
