// Jest Snapshot v1, https://jestjs.io/docs/snapshot-testing

exports[`RodoPage should match snapshot 1`] = `
<div>
  <div
    data-filename="rodo.md"
    data-testid="policy-view"
  >
    Policy Content for
rodo.md
  </div>
</div>
`;
