// Jest Snapshot v1, https://jestjs.io/docs/snapshot-testing

exports[`Account Page renders correctly 1`] = `
<div>
  <div
    class="py-5 container"
    style="max-width: 480px;"
  >
    <h2
      class="mb-4 text-center"
    >
      Moje konto
    </h2>
    <div
      class="mb-4"
    >
      <p>
        <strong>
          ID:
        </strong>
         
      </p>
      <p>
        <strong>
          E-mail:
        </strong>
         
      </p>
      <p>
        <strong>
          Nazwa konta:
        </strong>
         
      </p>
    </div>
    <form
      class="mb-4"
    >
      <label
        class="form-label"
      >
        Twoja nazwa konta
      </label>
      <input
        class="form-control"
        placeholder="Imię i nazwisko lub pseudonim"
        required=""
        type="text"
        value=""
      />
      <button
        class="mt-3 w-100 btn btn-primary"
        type="submit"
      >
        Zapisz nazwę konta
      </button>
    </form>
    <form
      class="mb-4"
    >
      <label
        class="form-label"
      >
        Nowy e-mail
      </label>
      <input
        class="form-control"
        placeholder="Podaj nowy e-mail"
        type="email"
        value=""
      />
      <button
        class="mt-2 w-100 btn btn-primary"
        type="submit"
      >
        Zmień e-mail
      </button>
    </form>
    <form
      class="mb-4"
    >
      <label
        class="form-label"
      >
        Nowe hasło
      </label>
      <input
        class="form-control"
        minlength="8"
        placeholder="Nowe hasło"
        type="password"
        value=""
      />
      <label
        class="mt-2 form-label"
      >
        Powtórz hasło
      </label>
      <input
        class="form-control"
        minlength="8"
        placeholder="Powtórz nowe hasło"
        type="password"
        value=""
      />
      <button
        class="mt-2 w-100 btn btn-primary"
        type="submit"
      >
        Zmień hasło
      </button>
    </form>
  </div>
</div>
`;
